
Running 29 tests using 3 workers

  ok  3 [chromium] › tests\e2e\sprint-2b-close\overview-section.spec.ts:54:7 › sprint-2b-close smoke Overview @smoke › 2B-01: GET /dashboard sin sesión → /login (1.5s)
  ok  1 [chromium] › tests\e2e\sprint-2-close\smoke-crm-vps.spec.ts:42:7 › sprint-2-close smoke CRM VPS @smoke-vps › VPS-01: GET / sin sesión → /login (2.2s)
  ok  2 [chromium] › tests\e2e\sprint-0-close\smoke-flows.spec.ts:113:7 › sprint-0-close smoke flows @smoke › SF-01: GET / sin sesión → redirect a /login (2.5s)
  x   6 [chromium] › tests\e2e\sprint-0-close\smoke-flows.spec.ts:122:7 › sprint-0-close smoke flows @smoke › SF-02: Login admin demo@af.local → llega a /dashboard (3.4s)
  -   7 [chromium] › tests\e2e\sprint-0-close\smoke-flows.spec.ts:162:7 › sprint-0-close smoke flows @smoke › SF-03: /dashboard carga con contenido tras login admin
  -   8 [chromium] › tests\e2e\sprint-0-close\smoke-flows.spec.ts:197:7 › sprint-0-close smoke flows @smoke › SF-04: /dashboard/settings → accesible con auth admin
  -   9 [chromium] › tests\e2e\sprint-0-close\smoke-flows.spec.ts:234:7 › sprint-0-close smoke flows @smoke › SF-05: Logout admin → sesión invalidada
  -  10 [chromium] › tests\e2e\sprint-0-close\smoke-flows.spec.ts:293:7 › sprint-0-close smoke flows @smoke › SF-06: Login viewer → /dashboard o acceso restringido
  ok  5 [chromium] › tests\e2e\sprint-2-close\smoke-crm-vps.spec.ts:52:7 › sprint-2-close smoke CRM VPS @smoke-vps › VPS-02: Login admin VPS → /dashboard (4.2s)
  ok  4 [chromium] › tests\e2e\sprint-2b-close\overview-section.spec.ts:63:7 › sprint-2b-close smoke Overview @smoke › 2B-02: Login admin → /dashboard carga (7.4s)
  ok 11 [chromium] › tests\e2e\sprint-2-close\smoke-crm-vps.spec.ts:70:7 › sprint-2-close smoke CRM VPS @smoke-vps › VPS-03: /dashboard/settings carga (6.6s)
  ok 12 [chromium] › tests\e2e\sprint-2b-close\overview-section.spec.ts:77:7 › sprint-2b-close smoke Overview @smoke › 2B-03: OverviewSection visible con título 'Resumen general' (7.2s)
[VPS-04] edit buttons found: 2
  ok 14 [chromium] › tests\e2e\sprint-2b-close\overview-section.spec.ts:95:7 › sprint-2b-close smoke Overview @smoke › 2B-04: 4 KPI cards hero del overview presentes (7.9s)
[VPS-04] CRM=true HubSpot=true Zoho=true Integraciones=true
  ok 13 [chromium] › tests\e2e\sprint-2-close\smoke-crm-vps.spec.ts:93:7 › sprint-2-close smoke CRM VPS @smoke-vps › VPS-04: /dashboard/settings → editar cliente → CRMSection con HubSpot+Zoho (14.3s)
[VPS-05] GET /api/integrations → 401
  ok 16 [chromium] › tests\e2e\sprint-2-close\smoke-crm-vps.spec.ts:171:7 › sprint-2-close smoke CRM VPS @smoke-vps › VPS-05: API /api/integrations responde (auth) (3.0s)
  ok 15 [chromium] › tests\e2e\sprint-2b-close\overview-section.spec.ts:122:7 › sprint-2b-close smoke Overview @smoke › 2B-05: BUG-2B-01 fix — botones 'Personalizar Overview' distinto de 'Personalizar Tablero' (6.2s)
  ok 17 [chromium] › tests\e2e\sprint-2b-close\overview-section.spec.ts:142:7 › sprint-2b-close smoke Overview @smoke › 2B-06: Distribución por canal — donut o empty state visible (5.3s)
  ok 18 [chromium] › tests\e2e\sprint-2b-close\overview-section.spec.ts:167:7 › sprint-2b-close smoke Overview @smoke › 2B-07: WCAG phase-06 — al menos 1 chart con role='img' + aria-label (8.9s)
[2B-08] Console errors críticos detectados: [
  [32m"The source list for the Content Security Policy directive 'connect-src' contains an invalid source: 'https://bedrock.*.amazonaws.com'. It will be ignored."[39m,
  [32m'eval() is not supported in this environment. If this page was served with a `Content-Security-Policy` header, make sure that `unsafe-eval` is included. React requires eval() in development mode for various debugging features like reconstructing callstacks from a different environment.\n'[39m +
    [32m'React will never use eval() in production mode'[39m
]
  x  19 [chromium] › tests\e2e\sprint-2b-close\overview-section.spec.ts:196:7 › sprint-2b-close deep checks pre-PR @deep › 2B-08: NO console errors críticos en /dashboard cargado completo (7.8s)
  -  20 [chromium] › tests\e2e\sprint-2b-close\overview-section.spec.ts:226:7 › sprint-2b-close deep checks pre-PR @deep › 2B-09: FilterBar 'Hoy' afecta KPIs del Overview (recarga datos)
  -  21 [chromium] › tests\e2e\sprint-2b-close\overview-section.spec.ts:271:7 › sprint-2b-close deep checks pre-PR @deep › 2B-10: SummarySection original sigue renderizando (no regresión)
  -  22 [chromium] › tests\e2e\sprint-2b-close\overview-section.spec.ts:293:7 › sprint-2b-close deep checks pre-PR @deep › 2B-11: FunnelSection original sigue renderizando (no regresión)
  -  23 [chromium] › tests\e2e\sprint-2b-close\overview-section.spec.ts:316:7 › sprint-2b-close deep checks pre-PR @deep › 2B-12: BUG-2B-03 verificado — donut canal con datos renderiza correctamente
  -  24 [chromium] › tests\e2e\sprint-2b-close\overview-section.spec.ts:339:7 › sprint-2b-close deep checks pre-PR @deep › 2B-13: Botón 'Personalizar Overview' click activa edit mode (DnD visible)
  -  25 [chromium] › tests\e2e\sprint-2b-close\overview-section.spec.ts:374:7 › sprint-2b-close deep checks pre-PR @deep › 2B-14: Navegación cross-page — /dashboard/settings y vuelta a /dashboard sin romper
  -  26 [chromium] › tests\e2e\sprint-2b-close\overview-section.spec.ts:401:7 › sprint-2b-close deep checks pre-PR @deep › 2B-15: API /api/integrations responde 200 (no regresión Sprint 2)
  -  27 [chromium] › tests\e2e\sprint-2b-close\overview-section.spec.ts:408:7 › sprint-2b-close deep checks pre-PR @deep › 2B-16: BUG-2B-05/06 fix — h1 únicos sin duplicados + sin h2 'OVERVIEW' redundante
  -  28 [chromium] › tests\e2e\sprint-2b-close\overview-section.spec.ts:430:7 › sprint-2b-close deep checks pre-PR @deep › 2B-18: BUG-2B-07 fix — 3 charts Overview con xKey lead.* renderizan datos (no 'sin datos')
  -  29 [chromium] › tests\e2e\sprint-2b-close\overview-section.spec.ts:456:7 › sprint-2b-close deep checks pre-PR @deep › 2B-17: BUG-2B-04 fix — labels 'Personalizar Gráficos' distintos entre Overview y Análisis Visual


  1) [chromium] › tests\e2e\sprint-0-close\smoke-flows.spec.ts:122:7 › sprint-0-close smoke flows @smoke › SF-02: Login admin demo@af.local → llega a /dashboard 

    Error: Login admin falló. URL=http://localhost:8500/login, Error=Invalid login credentials

    [2mexpect([22m[31mreceived[39m[2m).[22mtoBeTruthy[2m()[22m

    Received: [31mfalse[39m

      156 |       result.success,
      157 |       `Login admin falló. URL=${result.url}, Error=${result.errorText}`
    > 158 |     ).toBeTruthy();
          |       ^
      159 |     expect(result.url).toContain("dashboard");
      160 |   });
      161 |
        at E:\ClaudeCode\automatiza-formacion-dashboard\automatiza-formacion-dashboard\tests\e2e\sprint-0-close\smoke-flows.spec.ts:158:7

    attachment #1: screenshot (image/png) ──────────────────────────────────────────────────────────
    test-results\sprint-0-close-smoke-flows-42b2b-f-local-→-llega-a-dashboard-chromium\test-failed-1.png
    ────────────────────────────────────────────────────────────────────────────────────────────────

    Error Context: test-results\sprint-0-close-smoke-flows-42b2b-f-local-→-llega-a-dashboard-chromium\error-context.md

  2) [chromium] › tests\e2e\sprint-2b-close\overview-section.spec.ts:196:7 › sprint-2b-close deep checks pre-PR @deep › 2B-08: NO console errors críticos en /dashboard cargado completo 

    Error: Console errors críticos: The source list for the Content Security Policy directive 'connect-src' contains an invalid source: 'https://bedrock.*.amazonaws.com'. It will be ignored. | eval() is not supported in this environment. If this page was served with a `Content-Security-Policy` header, make sure that `unsafe-eval` is included. React requires eval() in development mode for various debugging features like reconstructing callstacks from a different environment.
    React will never use eval() in production mode

    [2mexpect([22m[31mreceived[39m[2m).[22mtoBe[2m([22m[32mexpected[39m[2m) // Object.is equality[22m

    Expected: [32m0[39m
    Received: [31m2[39m

      221 |     }
      222 |
    > 223 |     expect(critical.length, `Console errors críticos: ${critical.join(" | ")}`).toBe(0);
          |                                                                                 ^
      224 |   });
      225 |
      226 |   test("2B-09: FilterBar 'Hoy' afecta KPIs del Overview (recarga datos)", async ({ page }) => {
        at E:\ClaudeCode\automatiza-formacion-dashboard\automatiza-formacion-dashboard\tests\e2e\sprint-2b-close\overview-section.spec.ts:223:81

    attachment #1: screenshot (image/png) ──────────────────────────────────────────────────────────
    test-results\sprint-2b-close-overview-s-e1fe9--dashboard-cargado-completo-chromium\test-failed-1.png
    ────────────────────────────────────────────────────────────────────────────────────────────────

    Error Context: test-results\sprint-2b-close-overview-s-e1fe9--dashboard-cargado-completo-chromium\error-context.md

  2 failed
    [chromium] › tests\e2e\sprint-0-close\smoke-flows.spec.ts:122:7 › sprint-0-close smoke flows @smoke › SF-02: Login admin demo@af.local → llega a /dashboard 
    [chromium] › tests\e2e\sprint-2b-close\overview-section.spec.ts:196:7 › sprint-2b-close deep checks pre-PR @deep › 2B-08: NO console errors críticos en /dashboard cargado completo 
  14 did not run
  13 passed (53.9s)
