Total messages: 130 (Errors: 0, Warnings: 49)
Returning 49 messages for level "warning"

[WARNING] Image with src "/logo.png" has either width or height modified, but not the other. If you use CSS to change the size of your image, also include the styles 'width: "auto"' or 'height: "auto"' to maintain the aspect ratio. @ http://localhost:8500/_next/static/chunks/node_modules_next_dist_115brz8._.js:2478
[WARNING] The width(-1) and height(-1) of chart should be greater than 0,
       please check the style of container, or the props width(100%) and height(100%),
       or add a minWidth(0) or minHeight(280) or use aspect(undefined) to control the
       height and width. @ http://localhost:8500/_next/static/chunks/node_modules_next_dist_115brz8._.js:2478
[WARNING] The width(-1) and height(-1) of chart should be greater than 0,
       please check the style of container, or the props width(100%) and height(100%),
       or add a minWidth(0) or minHeight(280) or use aspect(undefined) to control the
       height and width. @ http://localhost:8500/_next/static/chunks/node_modules_next_dist_115brz8._.js:2478
[WARNING] The width(-1) and height(-1) of chart should be greater than 0,
       please check the style of container, or the props width(100%) and height(100%),
       or add a minWidth(0) or minHeight(undefined) or use aspect(undefined) to control the
       height and width. @ http://localhost:8500/_next/static/chunks/node_modules_next_dist_115brz8._.js:2478
[WARNING] The width(-1) and height(-1) of chart should be greater than 0,
       please check the style of container, or the props width(100%) and height(100%),
       or add a minWidth(0) or minHeight(undefined) or use aspect(undefined) to control the
       height and width. @ http://localhost:8500/_next/static/chunks/node_modules_next_dist_115brz8._.js:2478
[WARNING] The width(-1) and height(-1) of chart should be greater than 0,
       please check the style of container, or the props width(100%) and height(100%),
       or add a minWidth(0) or minHeight(undefined) or use aspect(undefined) to control the
       height and width. @ http://localhost:8500/_next/static/chunks/node_modules_next_dist_115brz8._.js:2478
[WARNING] The width(-1) and height(-1) of chart should be greater than 0,
       please check the style of container, or the props width(100%) and height(100%),
       or add a minWidth(0) or minHeight(undefined) or use aspect(undefined) to control the
       height and width. @ http://localhost:8500/_next/static/chunks/node_modules_next_dist_115brz8._.js:2478
[WARNING] The width(-1) and height(-1) of chart should be greater than 0,
       please check the style of container, or the props width(100%) and height(100%),
       or add a minWidth(0) or minHeight(260) or use aspect(undefined) to control the
       height and width. @ http://localhost:8500/_next/static/chunks/node_modules_next_dist_115brz8._.js:2478
[WARNING] The width(-1) and height(-1) of chart should be greater than 0,
       please check the style of container, or the props width(100%) and height(100%),
       or add a minWidth(0) or minHeight(260) or use aspect(undefined) to control the
       height and width. @ http://localhost:8500/_next/static/chunks/node_modules_next_dist_115brz8._.js:2478
[WARNING] The width(-1) and height(-1) of chart should be greater than 0,
       please check the style of container, or the props width(100%) and height(100%),
       or add a minWidth(0) or minHeight(280) or use aspect(undefined) to control the
       height and width. @ http://localhost:8500/_next/static/chunks/node_modules_next_dist_115brz8._.js:2478
[WARNING] The width(-1) and height(-1) of chart should be greater than 0,
       please check the style of container, or the props width(100%) and height(100%),
       or add a minWidth(0) or minHeight(280) or use aspect(undefined) to control the
       height and width. @ http://localhost:8500/_next/static/chunks/node_modules_next_dist_115brz8._.js:2478
[WARNING] The width(-1) and height(-1) of chart should be greater than 0,
       please check the style of container, or the props width(100%) and height(100%),
       or add a minWidth(0) or minHeight(280) or use aspect(undefined) to control the
       height and width. @ http://localhost:8500/_next/static/chunks/node_modules_next_dist_115brz8._.js:2478
[WARNING] The width(-1) and height(-1) of chart should be greater than 0,
       please check the style of container, or the props width(100%) and height(100%),
       or add a minWidth(0) or minHeight(280) or use aspect(undefined) to control the
       height and width. @ http://localhost:8500/_next/static/chunks/node_modules_next_dist_115brz8._.js:2478
[WARNING] The width(-1) and height(-1) of chart should be greater than 0,
       please check the style of container, or the props width(100%) and height(100%),
       or add a minWidth(0) or minHeight(undefined) or use aspect(undefined) to control the
       height and width. @ http://localhost:8500/_next/static/chunks/node_modules_next_dist_115brz8._.js:2478
[WARNING] The width(-1) and height(-1) of chart should be greater than 0,
       please check the style of container, or the props width(100%) and height(100%),
       or add a minWidth(0) or minHeight(undefined) or use aspect(undefined) to control the
       height and width. @ http://localhost:8500/_next/static/chunks/node_modules_next_dist_115brz8._.js:2478
[WARNING] The width(-1) and height(-1) of chart should be greater than 0,
       please check the style of container, or the props width(100%) and height(100%),
       or add a minWidth(0) or minHeight(undefined) or use aspect(undefined) to control the
       height and width. @ http://localhost:8500/_next/static/chunks/node_modules_next_dist_115brz8._.js:2478
[WARNING] The width(-1) and height(-1) of chart should be greater than 0,
       please check the style of container, or the props width(100%) and height(100%),
       or add a minWidth(0) or minHeight(undefined) or use aspect(undefined) to control the
       height and width. @ http://localhost:8500/_next/static/chunks/node_modules_next_dist_115brz8._.js:2478
[WARNING] The width(-1) and height(-1) of chart should be greater than 0,
       please check the style of container, or the props width(100%) and height(100%),
       or add a minWidth(0) or minHeight(280) or use aspect(undefined) to control the
       height and width. @ http://localhost:8500/_next/static/chunks/node_modules_next_dist_115brz8._.js:2478
[WARNING] The width(-1) and height(-1) of chart should be greater than 0,
       please check the style of container, or the props width(100%) and height(100%),
       or add a minWidth(0) or minHeight(280) or use aspect(undefined) to control the
       height and width. @ http://localhost:8500/_next/static/chunks/node_modules_next_dist_115brz8._.js:2478
[WARNING] The width(-1) and height(-1) of chart should be greater than 0,
       please check the style of container, or the props width(100%) and height(100%),
       or add a minWidth(0) or minHeight(undefined) or use aspect(undefined) to control the
       height and width. @ http://localhost:8500/_next/static/chunks/node_modules_next_dist_115brz8._.js:2478
[WARNING] The width(-1) and height(-1) of chart should be greater than 0,
       please check the style of container, or the props width(100%) and height(100%),
       or add a minWidth(0) or minHeight(undefined) or use aspect(undefined) to control the
       height and width. @ http://localhost:8500/_next/static/chunks/node_modules_next_dist_115brz8._.js:2478
[WARNING] The width(-1) and height(-1) of chart should be greater than 0,
       please check the style of container, or the props width(100%) and height(100%),
       or add a minWidth(0) or minHeight(280) or use aspect(undefined) to control the
       height and width. @ http://localhost:8500/_next/static/chunks/node_modules_next_dist_115brz8._.js:2478
[WARNING] The width(-1) and height(-1) of chart should be greater than 0,
       please check the style of container, or the props width(100%) and height(100%),
       or add a minWidth(0) or minHeight(280) or use aspect(undefined) to control the
       height and width. @ http://localhost:8500/_next/static/chunks/node_modules_next_dist_115brz8._.js:2478
[WARNING] The width(-1) and height(-1) of chart should be greater than 0,
       please check the style of container, or the props width(100%) and height(100%),
       or add a minWidth(0) or minHeight(280) or use aspect(undefined) to control the
       height and width. @ http://localhost:8500/_next/static/chunks/node_modules_next_dist_115brz8._.js:2478
[WARNING] The width(-1) and height(-1) of chart should be greater than 0,
       please check the style of container, or the props width(100%) and height(100%),
       or add a minWidth(0) or minHeight(280) or use aspect(undefined) to control the
       height and width. @ http://localhost:8500/_next/static/chunks/node_modules_next_dist_115brz8._.js:2478
[WARNING] The width(-1) and height(-1) of chart should be greater than 0,
       please check the style of container, or the props width(100%) and height(100%),
       or add a minWidth(0) or minHeight(280) or use aspect(undefined) to control the
       height and width. @ http://localhost:8500/_next/static/chunks/node_modules_next_dist_115brz8._.js:2478
[WARNING] The width(-1) and height(-1) of chart should be greater than 0,
       please check the style of container, or the props width(100%) and height(100%),
       or add a minWidth(0) or minHeight(280) or use aspect(undefined) to control the
       height and width. @ http://localhost:8500/_next/static/chunks/node_modules_next_dist_115brz8._.js:2478
[WARNING] The width(-1) and height(-1) of chart should be greater than 0,
       please check the style of container, or the props width(100%) and height(100%),
       or add a minWidth(0) or minHeight(undefined) or use aspect(undefined) to control the
       height and width. @ http://localhost:8500/_next/static/chunks/node_modules_next_dist_115brz8._.js:2478
[WARNING] The width(-1) and height(-1) of chart should be greater than 0,
       please check the style of container, or the props width(100%) and height(100%),
       or add a minWidth(0) or minHeight(undefined) or use aspect(undefined) to control the
       height and width. @ http://localhost:8500/_next/static/chunks/node_modules_next_dist_115brz8._.js:2478
[WARNING] The width(-1) and height(-1) of chart should be greater than 0,
       please check the style of container, or the props width(100%) and height(100%),
       or add a minWidth(0) or minHeight(undefined) or use aspect(undefined) to control the
       height and width. @ http://localhost:8500/_next/static/chunks/node_modules_next_dist_115brz8._.js:2478
[WARNING] The width(-1) and height(-1) of chart should be greater than 0,
       please check the style of container, or the props width(100%) and height(100%),
       or add a minWidth(0) or minHeight(undefined) or use aspect(undefined) to control the
       height and width. @ http://localhost:8500/_next/static/chunks/node_modules_next_dist_115brz8._.js:2478
[WARNING] The width(-1) and height(-1) of chart should be greater than 0,
       please check the style of container, or the props width(100%) and height(100%),
       or add a minWidth(0) or minHeight(260) or use aspect(undefined) to control the
       height and width. @ http://localhost:8500/_next/static/chunks/node_modules_next_dist_115brz8._.js:2478
[WARNING] The width(-1) and height(-1) of chart should be greater than 0,
       please check the style of container, or the props width(100%) and height(100%),
       or add a minWidth(0) or minHeight(260) or use aspect(undefined) to control the
       height and width. @ http://localhost:8500/_next/static/chunks/node_modules_next_dist_115brz8._.js:2478
[WARNING] The width(-1) and height(-1) of chart should be greater than 0,
       please check the style of container, or the props width(100%) and height(100%),
       or add a minWidth(0) or minHeight(280) or use aspect(undefined) to control the
       height and width. @ http://localhost:8500/_next/static/chunks/node_modules_next_dist_115brz8._.js:2478
[WARNING] The width(-1) and height(-1) of chart should be greater than 0,
       please check the style of container, or the props width(100%) and height(100%),
       or add a minWidth(0) or minHeight(280) or use aspect(undefined) to control the
       height and width. @ http://localhost:8500/_next/static/chunks/node_modules_next_dist_115brz8._.js:2478
[WARNING] The width(-1) and height(-1) of chart should be greater than 0,
       please check the style of container, or the props width(100%) and height(100%),
       or add a minWidth(0) or minHeight(280) or use aspect(undefined) to control the
       height and width. @ http://localhost:8500/_next/static/chunks/node_modules_next_dist_115brz8._.js:2478
[WARNING] The width(-1) and height(-1) of chart should be greater than 0,
       please check the style of container, or the props width(100%) and height(100%),
       or add a minWidth(0) or minHeight(280) or use aspect(undefined) to control the
       height and width. @ http://localhost:8500/_next/static/chunks/node_modules_next_dist_115brz8._.js:2478
[WARNING] The width(-1) and height(-1) of chart should be greater than 0,
       please check the style of container, or the props width(100%) and height(100%),
       or add a minWidth(0) or minHeight(undefined) or use aspect(undefined) to control the
       height and width. @ http://localhost:8500/_next/static/chunks/node_modules_next_dist_115brz8._.js:2478
[WARNING] The width(-1) and height(-1) of chart should be greater than 0,
       please check the style of container, or the props width(100%) and height(100%),
       or add a minWidth(0) or minHeight(undefined) or use aspect(undefined) to control the
       height and width. @ http://localhost:8500/_next/static/chunks/node_modules_next_dist_115brz8._.js:2478
[WARNING] The width(-1) and height(-1) of chart should be greater than 0,
       please check the style of container, or the props width(100%) and height(100%),
       or add a minWidth(0) or minHeight(undefined) or use aspect(undefined) to control the
       height and width. @ http://localhost:8500/_next/static/chunks/node_modules_next_dist_115brz8._.js:2478
[WARNING] The width(-1) and height(-1) of chart should be greater than 0,
       please check the style of container, or the props width(100%) and height(100%),
       or add a minWidth(0) or minHeight(undefined) or use aspect(undefined) to control the
       height and width. @ http://localhost:8500/_next/static/chunks/node_modules_next_dist_115brz8._.js:2478
[WARNING] The width(-1) and height(-1) of chart should be greater than 0,
       please check the style of container, or the props width(100%) and height(100%),
       or add a minWidth(0) or minHeight(280) or use aspect(undefined) to control the
       height and width. @ http://localhost:8500/_next/static/chunks/node_modules_next_dist_115brz8._.js:2478
[WARNING] The width(-1) and height(-1) of chart should be greater than 0,
       please check the style of container, or the props width(100%) and height(100%),
       or add a minWidth(0) or minHeight(280) or use aspect(undefined) to control the
       height and width. @ http://localhost:8500/_next/static/chunks/node_modules_next_dist_115brz8._.js:2478
[WARNING] The width(-1) and height(-1) of chart should be greater than 0,
       please check the style of container, or the props width(100%) and height(100%),
       or add a minWidth(0) or minHeight(undefined) or use aspect(undefined) to control the
       height and width. @ http://localhost:8500/_next/static/chunks/node_modules_next_dist_115brz8._.js:2478
[WARNING] The width(-1) and height(-1) of chart should be greater than 0,
       please check the style of container, or the props width(100%) and height(100%),
       or add a minWidth(0) or minHeight(undefined) or use aspect(undefined) to control the
       height and width. @ http://localhost:8500/_next/static/chunks/node_modules_next_dist_115brz8._.js:2478
[WARNING] The width(-1) and height(-1) of chart should be greater than 0,
       please check the style of container, or the props width(100%) and height(100%),
       or add a minWidth(0) or minHeight(280) or use aspect(undefined) to control the
       height and width. @ http://localhost:8500/_next/static/chunks/node_modules_next_dist_115brz8._.js:2478
[WARNING] The width(-1) and height(-1) of chart should be greater than 0,
       please check the style of container, or the props width(100%) and height(100%),
       or add a minWidth(0) or minHeight(280) or use aspect(undefined) to control the
       height and width. @ http://localhost:8500/_next/static/chunks/node_modules_next_dist_115brz8._.js:2478
[WARNING] The width(-1) and height(-1) of chart should be greater than 0,
       please check the style of container, or the props width(100%) and height(100%),
       or add a minWidth(0) or minHeight(280) or use aspect(undefined) to control the
       height and width. @ http://localhost:8500/_next/static/chunks/node_modules_next_dist_115brz8._.js:2478
[WARNING] The width(-1) and height(-1) of chart should be greater than 0,
       please check the style of container, or the props width(100%) and height(100%),
       or add a minWidth(0) or minHeight(280) or use aspect(undefined) to control the
       height and width. @ http://localhost:8500/_next/static/chunks/node_modules_next_dist_115brz8._.js:2478